Mad-Assembler v1.7.4 by Tebe/Madteam
Source: D:\!Atari\Pang\kule\test.asm
     1
     2 = 0100			row	= 32*8
     3 = A000			gfx1	= $a000
     4
     5 					opt h-
     6 					org $4000
     7
     8 					create 'kula1_0.obx'
Macro: CREATE [Source: D:\!Atari\Pang\kule\test.asm]
     2 = A000			 ?MEM=GFX1		
     5 = A100			 ?MEM=GFX1+ROW		
     8 = A200			 ?MEM=GFX1+ROW*2	
    11 = A300			 ?MEM=GFX1+ROW*3	
    14 = A400			 ?MEM=GFX1+ROW*4	
    17 = A500			 ?MEM=GFX1+ROW*5	
    20 = A600			 ?MEM=GFX1+ROW*6	
    23 = A700			 ?MEM=GFX1+ROW*7	
    26 = A800			 ?MEM=GFX1+ROW*8	
    29 = A900			 ?MEM=GFX1+ROW*9	
    32 = AA00			 ?MEM=GFX1+ROW*10	
    35 = AB00			 ?MEM=GFX1+ROW*11	
    38 = AC00			 ?MEM=GFX1+ROW*12	
    41 = AD00			 ?MEM=GFX1+ROW*13	
    44 = AE00			 ?MEM=GFX1+ROW*14	
    47 = AF00			 ?MEM=GFX1+ROW*15	
Source: D:\!Atari\Pang\kule\test.asm
     9
    10 				create	.macro
    11 				.def r0\ ?mem=gfx1		\.link :1
    11 				.DEF R0
    11 				 ?MEM=GFX1		
    11 				.LINK :1
    12 				.def r1\ ?mem=gfx1+row		\.link :1
    12 				.DEF R1
    12 				 ?MEM=GFX1+ROW		
    12 				.LINK :1
    13 				.def r2\ ?mem=gfx1+row*2	\.link :1
    13 				.DEF R2
    13 				 ?MEM=GFX1+ROW*2	
    13 				.LINK :1
    14 				.def r3\ ?mem=gfx1+row*3	\.link :1
    14 				.DEF R3
    14 				 ?MEM=GFX1+ROW*3	
    14 				.LINK :1
    15 				.def r4\ ?mem=gfx1+row*4	\.link :1
    15 				.DEF R4
    15 				 ?MEM=GFX1+ROW*4	
    15 				.LINK :1
    16 				.def r5\ ?mem=gfx1+row*5	\.link :1
    16 				.DEF R5
    16 				 ?MEM=GFX1+ROW*5	
    16 				.LINK :1
    17 				.def r6\ ?mem=gfx1+row*6	\.link :1
    17 				.DEF R6
    17 				 ?MEM=GFX1+ROW*6	
    17 				.LINK :1
    18 				.def r7\ ?mem=gfx1+row*7	\.link :1
    18 				.DEF R7
    18 				 ?MEM=GFX1+ROW*7	
    18 				.LINK :1
    19 				.def r8\ ?mem=gfx1+row*8	\.link :1
    19 				.DEF R8
    19 				 ?MEM=GFX1+ROW*8	
    19 				.LINK :1
    20 				.def r9\ ?mem=gfx1+row*9	\.link :1
    20 				.DEF R9
    20 				 ?MEM=GFX1+ROW*9	
    20 				.LINK :1
    21 				.def r10\ ?mem=gfx1+row*10	\.link :1
    21 				.DEF R10
    21 				 ?MEM=GFX1+ROW*10	
    21 				.LINK :1
    22 				.def r11\ ?mem=gfx1+row*11	\.link :1
    22 				.DEF R11
    22 				 ?MEM=GFX1+ROW*11	
    22 				.LINK :1
    23 				.def r12\ ?mem=gfx1+row*12	\.link :1
    23 				.DEF R12
    23 				 ?MEM=GFX1+ROW*12	
    23 				.LINK :1
    24 				.def r13\ ?mem=gfx1+row*13	\.link :1
    24 				.DEF R13
    24 				 ?MEM=GFX1+ROW*13	
    24 				.LINK :1
    25 				.def r14\ ?mem=gfx1+row*14	\.link :1
    25 				.DEF R14
    25 				 ?MEM=GFX1+ROW*14	
    25 				.LINK :1
    26 				.def r15\ ?mem=gfx1+row*15	\.link :1
    26 				.DEF R15
    26 				 ?MEM=GFX1+ROW*15	
    26 				.LINK :1
    27 					.endm
