mads 2.0.5 build 5 (15 Jun 16)
Source: D:\!Atari\Pang_2\panel\test_licznik.asm
     1
     2 = 000C			energy_len	= 12
     3
     4 = 0054			energy_up	= $54
     5 = 005D			energy_dw	= $5d
     6
     7 = 004D			energy_up_first	= $4d
     8 = 0056			energy_dw_first	= $56
     9
    10
    11 = BD0D			energy_bar = $bc40+5*40+5
    12
    13
    14 					org $bc40
    15 FFFF> BC40-BFFF> 0F 0F + 	:40*24 dta $f
    16
    17
    18 C000				org $2000
    19
    20 2000-24D0> 3E 63 63 6B + fnt	ins 'liczniki2.fnt'
    21
    22
    23 2400 A9 20 8D F4 02	main	mva >fnt 756
    24
    25 2405 A9 54			lda #energy_up
    26 2407 8D 0D BD 8D 0E BD + 	:energy_len sta energy_bar+#
    27 					
    28 242B A9 5D			lda #energy_dw
    29 242D 8D 35 BD 8D 36 BD + 	:energy_len sta energy_bar+40+#
    30
    31 2451 A9 5F			lda #energy_len*8-1
    32 2453 8D 9F 24			sta power
    33
    34 2456 A5 14 C5 14 F0 FC + lp	:2 lda:cmp:req 20
    35
    36 2462 20 9E 24			jsr update_energy
    37
    38 2465 AD 9F 24 38 E9 1B + 	sbb power #27
    39
    40 					
    41 246E AD 9F 24			lda power	
    42 2471 C9 39			cmp #57
    43 2473 B0 E1			bcs lp
    44
    45 2475 20 7B 24			jsr more
    46
    47 2478 4C 78 24			jmp *
    48
    49
    50
    51
    52 247B AD 9F 24 18 69 05 + more	adb power #5
    53 2484 C9 60			cmp #energy_len*8
    54 2486 90 02			scc
    55
    56 2488 A9 60			lda #energy_len*8
    57
    58 248A 4A 4A 4A			:3 lsr @
    59 248D A8				tay
    60 248E F0 0E			beq update_energy
    61
    62 2490 88				dey
    63
    64 2491 A9 54		loop	lda #energy_up				; gorny znak paska energi
    65 2493 99 0D BD			sta energy_bar,y
    66
    67 2496 A9 5D			lda #energy_dw				; dolny znak paska energi
    68 2498 99 35 BD			sta energy_bar+40,y
    69 249B 88				dey
    70 249C 10 F3			bpl loop
    71
    72 249E			update_energy
    73
    74 249E A0 00			ldy #0
    75 = 249F			power	equ *-1
    76 24A0 F0 21			beq null
    77
    78 24A2 C0 60			cpy #energy_len*8
    79 24A4 B0 2A			bcs stop
    80
    81 24A6 98				tya
    82
    83 24A7 4A 4A 4A			:3 lsr @
    84
    85 24AA A8				tay
    86
    87 24AB AD 9F 24			lda power
    88 24AE 29 07			and #7
    89 24B0 48				pha
    90
    91 24B1 18 69 4D			add #energy_up_first
    92 24B4 99 0D BD			sta energy_bar,y
    93
    94 24B7 68				pla
    95 24B8 18 69 56			add #energy_dw_first
    96 24BB 99 35 BD			sta energy_bar+40,y
    97
    98 24BE C8			plop	iny
    99 24BF C0 0C			cpy #energy_len
   100 24C1 B0 0D			bcs stop
   101 24C3			null
   102 24C3 A9 4C			lda #energy_up_first-1
   103 24C5 99 0D BD			sta energy_bar,y
   104
   105 24C8 A9 55			lda #energy_dw_first-1
   106 24CA 99 35 BD			sta energy_bar+40,y
   107 					
   108 24CD 4C BE 24			jmp plop
   109
   110 24D0 60			stop	rts
   111
   112
   113
   114
   115
   116
   117 02E0-02E1> 00 24			run main
